]0;~/LUC/Fall19/Predictive Analytics[?1034hMacBook-Pro-3:Predictive Analytics alexblohm$ [KMacBook-Pro-3:Predictive Analytics alexblohm$ pwd
/Users/alexblohm/LUC/Fall19/Predictive Analytics
]0;~/LUC/Fall19/Predictive AnalyticsMacBook-Pro-3:Predictive Analytics alexblohm$ ls
Predictive Analytics.Rproj
]0;~/LUC/Fall19/Predictive AnalyticsMacBook-Pro-3:Predictive Analytics alexblohm$ ls -a
.				.Rproj.user
..				Predictive Analytics.Rproj
]0;~/LUC/Fall19/Predictive AnalyticsMacBook-Pro-3:Predictive Analytics alexblohm$ vim .gitignore
[?2004h]0;~/LUC/Fall19/Predictive AnalyticsMacBook-Pro-3:Predictive Analytics alexblohm$ ls
Predictive Analytics.Rproj
]0;~/LUC/Fall19/Predictive AnalyticsMacBook-Pro-3:Predictive Analytics alexblohm$ ls -a
.				.Rproj.user			Predictive Analytics.Rproj
..				.gitignore
]0;~/LUC/Fall19/Predictive AnalyticsMacBook-Pro-3:Predictive Analytics alexblohm$ [KMacBook-Pro-3:Predictive Analytics alexblohm$ ls
PA_HW1.Rmd			Predictive Analytics.Rproj
]0;~/LUC/Fall19/Predictive AnalyticsMacBook-Pro-3:Predictive Analytics alexblohm$ git init
Initialized empty Git repository in /Users/alexblohm/LUC/Fall19/Predictive Analytics/.git/
]0;~/LUC/Fall19/Predictive AnalyticsMacBook-Pro-3:Predictive Analytics alexblohm$ git add .
]0;~/LUC/Fall19/Predictive AnalyticsMacBook-Pro-3:Predictive Analytics alexblohm$ git commit -m 'Init'
[master (root-commit) 7aa1c1f] Init
 13 files changed, 139 insertions(+)
 create mode 100644 .Rproj.user/3C650BBB/console06/DFB65997
 create mode 100644 .Rproj.user/3C650BBB/console06/DFB65997.env
 create mode 100644 .Rproj.user/3C650BBB/console06/INDEX001
 create mode 100644 .Rproj.user/3C650BBB/sources/prop/F6EB83E1
 create mode 100644 .Rproj.user/3C650BBB/sources/prop/INDEX
 create mode 100644 .Rproj.user/3C650BBB/sources/s-7FCBEE21/A12E092C
 create mode 100644 .Rproj.user/3C650BBB/sources/s-7FCBEE21/A12E092C-contents
 create mode 100644 .Rproj.user/3C650BBB/sources/s-7FCBEE21/lock_file
 create mode 100644 .Rproj.user/shared/notebooks/B293B882-PA_HW1/1/s/chunks.json
 create mode 100644 .Rproj.user/shared/notebooks/patch-chunk-names
 create mode 100644 .Rproj.user/shared/notebooks/paths
 create mode 100644 .gitignore
 create mode 100644 PA_HW1.Rmd
]0;~/LUC/Fall19/Predictive AnalyticsMacBook-Pro-3:Predictive Analytics alexblohm$ git remote add origin git@github.com:username/new_repo[K[K[K[K[K[K[K[K[K[K[K[K[K[K[K[K[Kalexrblohm/Predictive [K_Analytics
]0;~/LUC/Fall19/Predictive AnalyticsMacBook-Pro-3:Predictive Analytics alexblohm$ git push -u origin master
Enter passphrase for key '/Users/alexblohm/.ssh/id_rsa': 
ERROR: Repository not found.
fatal: Could not read from remote repository.

Please make sure you have the correct access rights
and the repository exists.
]0;~/LUC/Fall19/Predictive AnalyticsMacBook-Pro-3:Predictive Analytics alexblohm$ git push -u origin master
Enter passphrase for key '/Users/alexblohm/.ssh/id_rsa': 
Enter passphrase for key '/Users/alexblohm/.ssh/id_rsa': 
ERROR: Repository not found.
fatal: Could not read from remote repository.

Please make sure you have the correct access rights
and the repository exists.
]0;~/LUC/Fall19/Predictive AnalyticsMacBook-Pro-3:Predictive Analytics alexblohm$ git remote add origin https://github.com/username/new_repo[K[K[K[K[K[K[K[K[K[K[K[K[K[K[K[K[Kalexrblohm/Predictive_Analytic s
fatal: remote origin already exists.
]0;~/LUC/Fall19/Predictive AnalyticsMacBook-Pro-3:Predictive Analytics alexblohm$ git reset head
Unstaged changes after reset:
M	.Rproj.user/3C650BBB/console06/DFB65997
]0;~/LUC/Fall19/Predictive AnalyticsMacBook-Pro-3:Predictive Analytics alexblohm$ git init
Reinitialized existing Git repository in /Users/alexblohm/LUC/Fall19/Predictive Analytics/.git/
]0;~/LUC/Fall19/Predictive AnalyticsMacBook-Pro-3:Predictive Analytics alexblohm$ git add .
]0;~/LUC/Fall19/Predictive AnalyticsMacBook-Pro-3:Predictive Analytics alexblohm$ git commit -m "[K'Init'
[master 9ec4710] Init
 1 file changed, 40 insertions(+)
]0;~/LUC/Fall19/Predictive AnalyticsMacBook-Pro-3:Predictive Analytics alexblohm$ git remote add origin https://github.com/alexrblohm/Predictive_Analytic s.git
fatal: remote origin already exists.
]0;~/LUC/Fall19/Predictive AnalyticsMacBook-Pro-3:Predictive Analytics alexblohm$ git push -u origin master
Warning: Permanently added the RSA host key for IP address '140.82.113.3' to the list of known hosts.
Enter passphrase for key '/Users/alexblohm/.ssh/id_rsa': 
Enumerating objects: 30, done.
Counting objects:   3% (1/30)   Counting objects:   6% (2/30)   Counting objects:  10% (3/30)   Counting objects:  13% (4/30)   Counting objects:  16% (5/30)   Counting objects:  20% (6/30)   Counting objects:  23% (7/30)   Counting objects:  26% (8/30)   Counting objects:  30% (9/30)   Counting objects:  33% (10/30)   Counting objects:  36% (11/30)   Counting objects:  40% (12/30)   Counting objects:  43% (13/30)   Counting objects:  46% (14/30)   Counting objects:  50% (15/30)   Counting objects:  53% (16/30)   Counting objects:  56% (17/30)   Counting objects:  60% (18/30)   Counting objects:  63% (19/30)   Counting objects:  66% (20/30)   Counting objects:  70% (21/30)   Counting objects:  73% (22/30)   Counting objects:  76% (23/30)   Counting objects:  80% (24/30)   Counting objects:  83% (25/30)   Counting objects:  86% (26/30)   Counting objects:  90% (27/30)   Counting objects:  93% (28/30)   Counting objects:  96% (29/30)   Counting objects: 100% (30/30)   Counting objects: 100% (30/30), done.
Delta compression using up to 4 threads
Compressing objects:   4% (1/24)   Compressing objects:   8% (2/24)   Compressing objects:  12% (3/24)   Compressing objects:  16% (4/24)   Compressing objects:  20% (5/24)   Compressing objects:  25% (6/24)   Compressing objects:  29% (7/24)   Compressing objects:  33% (8/24)   Compressing objects:  37% (9/24)   Compressing objects:  41% (10/24)   Compressing objects:  45% (11/24)   Compressing objects:  50% (12/24)   Compressing objects:  54% (13/24)   Compressing objects:  58% (14/24)   Compressing objects:  62% (15/24)   Compressing objects:  66% (16/24)   Compressing objects:  70% (17/24)   Compressing objects:  75% (18/24)   Compressing objects:  79% (19/24)   Compressing objects:  83% (20/24)   Compressing objects:  87% (21/24)   Compressing objects:  91% (22/24)   Compressing objects:  95% (23/24)   Compressing objects: 100% (24/24)   Compressing objects: 100% (24/24), done.
Writing objects:   3% (1/30)   Writing objects:   6% (2/30)   Writing objects:  10% (3/30)   Writing objects:  13% (4/30)   Writing objects:  16% (5/30)   Writing objects:  20% (6/30)   Writing objects:  23% (7/30)   Writing objects:  26% (8/30)   Writing objects:  30% (9/30)   Writing objects:  33% (10/30)   Writing objects:  36% (11/30)   Writing objects:  40% (12/30)   Writing objects:  43% (13/30)   Writing objects:  46% (14/30)   Writing objects:  50% (15/30)   Writing objects:  53% (16/30)   Writing objects:  56% (17/30)   Writing objects:  60% (18/30)   Writing objects:  63% (19/30)   Writing objects:  66% (20/30)   Writing objects:  70% (21/30)   Writing objects:  73% (22/30)   Writing objects:  76% (23/30)   Writing objects:  80% (24/30)   Writing objects:  83% (25/30)   Writing objects:  86% (26/30)   Writing objects:  90% (27/30)   Writing objects:  93% (28/30)   Writing objects:  96% (29/30)   Writing objects: 100% (30/30)   Writing objects: 100% (30/30), 4.60 KiB | 87.00 KiB/s, done.
Total 30 (delta 1), reused 0 (delta 0)
remote: Resolving deltas:   0% (0/1)[Kremote: Resolving deltas: 100% (1/1)[Kremote: Resolving deltas: 100% (1/1), done.[K
To github.com:alexrblohm/Predictive_Analytics
 * [new branch]      master -> master
Branch 'master' set up to track remote branch 'master' from 'origin'.
]0;~/LUC/Fall19/Predictive AnalyticsMacBook-Pro-3:Predictive Analytics alexblohm$ git status
On branch master
Your branch is up to date with 'origin/master'.

Changes not staged for commit:
  (use "git add <file>..." to update what will be committed)
  (use "git checkout -- <file>..." to discard changes in working directory)

	[31mmodified:   .Rproj.user/3C650BBB/console06/DFB65997[m
	[31mmodified:   .Rproj.user/3C650BBB/sources/prop/F6EB83E1[m
	[31mmodified:   .Rproj.user/3C650BBB/sources/s-7FCBEE21/A12E092C[m
	[31mmodified:   .Rproj.user/3C650BBB/sources/s-7FCBEE21/A12E092C-contents[m
	[31mmodified:   .Rproj.user/shared/notebooks/B293B882-PA_HW1/1/s/chunks.json[m
	[31mmodified:   PA_HW1.Rmd[m

Untracked files:
  (use "git add <file>..." to include in what will be committed)

	[31m.Rproj.user/shared/notebooks/B293B882-PA_HW1/1/3C650BBB7FCBEE21/[m

no changes added to commit (use "git add" and/or "git commit -a")
]0;~/LUC/Fall19/Predictive AnalyticsMacBook-Pro-3:Predictive Analytics alexblohm$ git add .
